forras: depth_map.png  1024x1024px
tonusszintek: 0, 42, 85, 127, 170, 212, 255
[i] teljes panel kikenyszeritve (19 mm2 kerult minden lapra)
Traceback (most recent call last):
  File "/Users/p.tothandras/Code/etsy-something/product/pipeline/02_trace.py", line 925, in <module>
    main()
    ~~~~^^
  File "/Users/p.tothandras/Code/etsy-something/product/pipeline/02_trace.py", line 550, in main
    geoms[k] = base0.difference(op).buffer(0)
               ~~~~~~~~~~~~~~~~^^^^
  File "/Users/p.tothandras/Code/etsy-something/.venv/lib/python3.14/site-packages/shapely/decorators.py", line 173, in wrapper
    result = func(*args, **kwargs)
  File "/Users/p.tothandras/Code/etsy-something/.venv/lib/python3.14/site-packages/shapely/geometry/base.py", line 658, in difference
    return shapely.difference(self, other, grid_size=grid_size)
           ~~~~~~~~~~~~~~~~~~^^^^^^^^^^^^^^^^^^^^^^^^^^^^^^^^^^
  File "/Users/p.tothandras/Code/etsy-something/.venv/lib/python3.14/site-packages/shapely/decorators.py", line 173, in wrapper
    result = func(*args, **kwargs)
  File "/Users/p.tothandras/Code/etsy-something/.venv/lib/python3.14/site-packages/shapely/decorators.py", line 88, in wrapped
    return func(*args, **kwargs)
  File "/Users/p.tothandras/Code/etsy-something/.venv/lib/python3.14/site-packages/shapely/set_operations.py", line 100, in difference
    return lib.difference(a, b, **kwargs)
           ~~~~~~~~~~~~~~^^^^^^^^^^^^^^^^
shapely.errors.GEOSException: TopologyException: side location conflict at 189.96780096383145 160.04704279224288. This can occur if the input geometry is invalid.
