forras: depth_map.png  1024x1024px
tonusszintek: 0, 42, 85, 127, 170, 212, 255
[i] teljes panel kikenyszeritve (4,549 mm2 kerult minden lapra)
[i] minta a biztonsagos zonara illesztve (0.947x, eltolas +0/-7 mm)
[i] 8 mm-es erintetlen margosav minden lapon
[i] keret-eloszor: 2104 mm2 kulonallo sziget egy lappal hatrebb kerult
[i] 3. reteg: 54 mm2 eldobva, ebbol 54 mm2 tobb mint egy lappal hatrebb latszik
[i] 4. reteg: 336 mm2 eldobva, ebbol 54 mm2 tobb mint egy lappal hatrebb latszik
[i] 5. reteg: 440 mm2 eldobva, ebbol 336 mm2 tobb mint egy lappal hatrebb latszik
[i] 6. reteg: 1219 mm2 eldobva, ebbol 440 mm2 tobb mint egy lappal hatrebb latszik
objektum: 300 mm (a hatlap befoglaloja, nem a vaszon)

 reteg  darab  lyuk  terulet mm2   leggyengebb  vekony%  nyak  statusz
     1      1    16       86,925        12.00mm    0.00%     0  OK
     2      1    23       81,087        12.00mm    0.02%     0  OK
     3      1    27       71,272        12.00mm    0.03%     0  OK
     4      1    24       60,123        12.00mm    0.07%     0  OK
     5      1    16       51,796        12.00mm    0.08%     0  OK
     6      1     8       31,615        12.00mm    0.06%     0  OK
[i] paletta: 6 lap a forras 7 tonusabol

kiirva: product/iterations/0047-cat-choices2/v05/layers  (17 fajl)
