forras: depth_map.png  1024x1024px
tonusszintek: 0, 42, 85, 127, 170, 212, 255
[i] teljes panel kikenyszeritve (4,542 mm2 kerult minden lapra)
[i] minta a biztonsagos zonara illesztve (0.947x, eltolas +0/+0 mm)
[i] 8 mm-es erintetlen margosav minden lapon
[i] keret-eloszor: 548 mm2 kulonallo sziget egy lappal hatrebb kerult
[i] 2. reteg: 102 mm2 eldobva, ebbol 102 mm2 tobb mint egy lappal hatrebb latszik
[i] 3. reteg: 102 mm2 eldobva, ebbol 102 mm2 tobb mint egy lappal hatrebb latszik
[i] 4. reteg: 102 mm2 eldobva, ebbol 102 mm2 tobb mint egy lappal hatrebb latszik
[i] 5. reteg: 351 mm2 eldobva, ebbol 102 mm2 tobb mint egy lappal hatrebb latszik
[i] 6. reteg: 300 mm2 eldobva, ebbol 248 mm2 tobb mint egy lappal hatrebb latszik
objektum: 300 mm (a hatlap befoglaloja, nem a vaszon)

 reteg  darab  lyuk  terulet mm2   leggyengebb  vekony%  nyak  statusz
     1      1     4       87,156        12.00mm    0.00%     0  OK
     2      1    14       81,021        12.00mm    0.01%     0  OK
     3      1    15       73,941        12.00mm    0.01%     0  OK
     4      1    14       60,170        12.00mm    0.05%     0  OK
     5      1    11       46,039        12.00mm    0.04%     0  OK
     6      1     7       29,695        12.00mm    0.01%     0  OK
[i] paletta: 6 lap a forras 7 tonusabol

kiirva: product/iterations/0047-cat-choices2/v03/layers  (17 fajl)
