forras: depth_map.png  1024x1024px
tonusszintek: 0, 42, 85, 127, 170, 212, 255
[i] teljes panel kikenyszeritve (4,553 mm2 kerult minden lapra)
[i] minta a biztonsagos zonara illesztve (0.947x, eltolas -2/-0 mm)
[i] 8 mm-es erintetlen margosav minden lapon
[i] keret-eloszor: 267 mm2 kulonallo sziget egy lappal hatrebb kerult
[i] amputalva 1 gyogyithatatlan nyakon logo kis vegtag (24 mm2)
[i] amputalva 1 gyogyithatatlan nyakon logo kis vegtag (29 mm2)
[i] 2. reteg: 49 mm2 eldobva, ebbol 49 mm2 tobb mint egy lappal hatrebb latszik
[i] 3. reteg: 49 mm2 eldobva, ebbol 49 mm2 tobb mint egy lappal hatrebb latszik
[i] 5. reteg: 62 mm2 eldobva, ebbol 36 mm2 tobb mint egy lappal hatrebb latszik
[i] 6. reteg: 204 mm2 eldobva, ebbol 116 mm2 tobb mint egy lappal hatrebb latszik
objektum: 300 mm (a hatlap befoglaloja, nem a vaszon)

 reteg  darab  lyuk  terulet mm2   leggyengebb  vekony%  nyak  statusz
     1      1    11       87,082        12.00mm    0.00%     0  OK
     2      1    16       80,997        12.00mm    0.01%     0  OK
     3      1    21       71,588        12.00mm    0.02%     0  OK
     4      1    24       63,320        12.00mm    0.03%     0  OK
     5      1    23       57,085        12.00mm    0.03%     0  OK
     6      1    14       42,448        12.00mm    0.02%     0  OK
[i] paletta: 6 lap a forras 7 tonusabol

kiirva: product/iterations/0047-cat-choices2/v06/layers  (17 fajl)
