forras: depth_map.png  1024x1024px
tonusszintek: 0, 42, 85, 127, 170, 212, 255
[i] teljes panel kikenyszeritve (4,553 mm2 kerult minden lapra)
[i] minta a biztonsagos zonara illesztve (0.947x, eltolas -0/-0 mm)
[i] 8 mm-es erintetlen margosav minden lapon
[i] keret-eloszor: 2146 mm2 kulonallo sziget egy lappal hatrebb kerult
[i] 3. reteg: 741 mm2 eldobva, ebbol 97 mm2 tobb mint egy lappal hatrebb latszik
[i] 4. reteg: 556 mm2 eldobva, ebbol 325 mm2 tobb mint egy lappal hatrebb latszik
[i] 5. reteg: 556 mm2 eldobva, ebbol 556 mm2 tobb mint egy lappal hatrebb latszik
[i] 6. reteg: 460 mm2 eldobva, ebbol 460 mm2 tobb mint egy lappal hatrebb latszik
objektum: 300 mm (a hatlap befoglaloja, nem a vaszon)

 reteg  darab  lyuk  terulet mm2   leggyengebb  vekony%  nyak  statusz
     1      1    11       83,904        12.00mm    0.00%     0  OK
     2      1    18       73,166        12.00mm    0.06%     0  OK
     3      1    19       68,880        12.00mm    0.08%     0  OK
     4      1    21       58,094        12.00mm    0.06%     0  OK
     5      1    21       50,343        12.00mm    0.07%     0  OK
     6      1    18       44,214        12.00mm    0.09%     0  OK
[i] paletta: 6 lap a forras 7 tonusabol

kiirva: product/iterations/0047-cat-choices2/v02/layers  (17 fajl)
