forras: depth_map.png  1024x1024px
tonusszintek: 0, 42, 85, 127, 170, 212, 255
[i] teljes panel kikenyszeritve (5,501 mm2 kerult minden lapra)
[i] minta a biztonsagos zonara illesztve (0.947x, eltolas +0/-0 mm)
[i] 8 mm-es erintetlen margosav minden lapon
[i] keret-eloszor: 96 mm2 kulonallo sziget egy lappal hatrebb kerult
[i] amputalva 1 gyogyithatatlan nyakon logo kis vegtag (21 mm2)
[i] 2. reteg: 39 mm2 eldobva, ebbol 39 mm2 tobb mint egy lappal hatrebb latszik
[i] 3. reteg: 39 mm2 eldobva, ebbol 39 mm2 tobb mint egy lappal hatrebb latszik
[i] 4. reteg: 39 mm2 eldobva, ebbol 39 mm2 tobb mint egy lappal hatrebb latszik
[i] 5. reteg: 39 mm2 eldobva, ebbol 39 mm2 tobb mint egy lappal hatrebb latszik
objektum: 300 mm (a hatlap befoglaloja, nem a vaszon)

 reteg  darab  lyuk  terulet mm2   leggyengebb  vekony%  nyak  statusz
     1      1     8       83,420        12.00mm    0.00%     0  OK
     2      1    16       80,864        12.00mm    0.01%     0  OK
     3      3    20       66,135         3.80mm    0.03%     0  OK
     4      3    22       61,056         3.80mm    0.04%     0  OK
     5      4    22       47,687         2.95mm    0.24%     0  OK
     6      4    10       32,897         2.95mm    0.31%     0  OK
[i] akcentus-darabok (kulon ragasztando, vegso): 3. reteg: 2, 4. reteg: 2, 5. reteg: 3, 6. reteg: 3
[i] paletta: 6 lap a forras 7 tonusabol

kiirva: product/iterations/0048-cat-v04/redraw_b/layers  (17 fajl)
