forras: depth_map.png  1024x1024px
tonusszintek: 0, 42, 85, 127, 170, 212, 255
[i] teljes panel kikenyszeritve (2,927 mm2 kerult minden lapra)
[i] minta a biztonsagos zonara illesztve (0.947x, eltolas +0/+0 mm)
[i] 8 mm-es erintetlen margosav minden lapon
[i] szilank-szures: 7 darab es 25 nyilas beolvasztva (karcsusag > 6 vagy terulet < 0.08%)
[i] keret-eloszor: 315 mm2 kulonallo sziget egy lappal hatrebb kerult
[i] 4. reteg: 79 mm2 eldobva, ebbol 79 mm2 tobb mint egy lappal hatrebb latszik
[i] 5. reteg: 79 mm2 eldobva, ebbol 79 mm2 tobb mint egy lappal hatrebb latszik
[i] 6. reteg: 79 mm2 eldobva, ebbol 79 mm2 tobb mint egy lappal hatrebb latszik
objektum: 300 mm (a hatlap befoglaloja, nem a vaszon)

 reteg  darab  lyuk  terulet mm2   leggyengebb  vekony%  nyak  statusz
     1      1     3       88,825        12.00mm    0.00%     0  OK
     2      1     7       86,003        12.00mm    0.00%     0  OK
     3      1    10       77,114        12.00mm    0.00%     0  OK
     4      1     9       67,175        12.00mm    0.00%     0  OK
     5      1    11       58,161        12.00mm    0.00%     0  OK
     6      1     9       47,555        12.00mm    0.00%     0  OK
[i] paletta: 6 lap a forras 7 tonusabol

kiirva: product/iterations/0044-cat-tight/t1/layers  (17 fajl)
